
> relentiv-reimagined@0.1.0 build
> next build

▲ Next.js 16.2.4 (Turbopack)

  Creating an optimized production build ...
✓ Compiled successfully in 2.5s
  Running TypeScript ...
  Finished TypeScript in 1952ms ...
  Collecting page data using 6 workers ...
  Generating static pages using 6 workers (0/5) ...
  Generating static pages using 6 workers (1/5) 
  Generating static pages using 6 workers (2/5) 
  Generating static pages using 6 workers (3/5) 
✓ Generating static pages using 6 workers (5/5) in 317ms
  Finalizing page optimization ...

Route (app)
┌ ○ /
├ ○ /_not-found
└ ○ /about


○  (Static)  prerendered as static content

